Archive member included to satisfy reference by file (symbol)

../drivers\libIotLibrary.a(lora_driver.o)
                              LoRaWANHandler.o (lora_driver_flushBuffers)
../drivers\libIotLibrary.a(lora_driver_utils.o)
                              ../drivers\libIotLibrary.a(lora_driver.o) (decode_port_no)
../drivers\libIotLibrary.a(serial.o)
                              ../drivers\libIotLibrary.a(lora_driver.o) (serial_create)
../drivers\libIotLibrary.a(stdio_driver.o)
                              main.o (stdio_initialise)
../drivers\libIotLibrary.a(status_leds.o)
                              main.o (status_leds_initialise)
../drivers\libIotLibrary.a(fifo.o)
                              ../drivers\libIotLibrary.a(serial.o) (fifo_init)
c:/program files (x86)/atmel/studio/7.0/toolchain/avr8/avr8-gnu-toolchain/bin/../lib/gcc/avr/5.4.0/../../../../avr/lib/avr6\libm.a(addsf3.o)
                              ../drivers\libIotLibrary.a(serial.o) (__subsf3)
c:/program files (x86)/atmel/studio/7.0/toolchain/avr8/avr8-gnu-toolchain/bin/../lib/gcc/avr/5.4.0/../../../../avr/lib/avr6\libm.a(addsf3x.o)
                              c:/program files (x86)/atmel/studio/7.0/toolchain/avr8/avr8-gnu-toolchain/bin/../lib/gcc/avr/5.4.0/../../../../avr/lib/avr6\libm.a(addsf3.o) (__addsf3x)
c:/program files (x86)/atmel/studio/7.0/toolchain/avr8/avr8-gnu-toolchain/bin/../lib/gcc/avr/5.4.0/../../../../avr/lib/avr6\libm.a(divsf3.o)
                              ../drivers\libIotLibrary.a(serial.o) (__divsf3)
c:/program files (x86)/atmel/studio/7.0/toolchain/avr8/avr8-gnu-toolchain/bin/../lib/gcc/avr/5.4.0/../../../../avr/lib/avr6\libm.a(divsf3x.o)
                              c:/program files (x86)/atmel/studio/7.0/toolchain/avr8/avr8-gnu-toolchain/bin/../lib/gcc/avr/5.4.0/../../../../avr/lib/avr6\libm.a(divsf3.o) (__divsf3x)
c:/program files (x86)/atmel/studio/7.0/toolchain/avr8/avr8-gnu-toolchain/bin/../lib/gcc/avr/5.4.0/../../../../avr/lib/avr6\libm.a(fixunssfsi.o)
                              ../drivers\libIotLibrary.a(serial.o) (__fixunssfsi)
c:/program files (x86)/atmel/studio/7.0/toolchain/avr8/avr8-gnu-toolchain/bin/../lib/gcc/avr/5.4.0/../../../../avr/lib/avr6\libm.a(floatsisf.o)
                              ../drivers\libIotLibrary.a(serial.o) (__floatunsisf)
c:/program files (x86)/atmel/studio/7.0/toolchain/avr8/avr8-gnu-toolchain/bin/../lib/gcc/avr/5.4.0/../../../../avr/lib/avr6\libm.a(fp_inf.o)
                              c:/program files (x86)/atmel/studio/7.0/toolchain/avr8/avr8-gnu-toolchain/bin/../lib/gcc/avr/5.4.0/../../../../avr/lib/avr6\libm.a(addsf3x.o) (__fp_inf)
c:/program files (x86)/atmel/studio/7.0/toolchain/avr8/avr8-gnu-toolchain/bin/../lib/gcc/avr/5.4.0/../../../../avr/lib/avr6\libm.a(fp_nan.o)
                              c:/program files (x86)/atmel/studio/7.0/toolchain/avr8/avr8-gnu-toolchain/bin/../lib/gcc/avr/5.4.0/../../../../avr/lib/avr6\libm.a(addsf3x.o) (__fp_nan)
c:/program files (x86)/atmel/studio/7.0/toolchain/avr8/avr8-gnu-toolchain/bin/../lib/gcc/avr/5.4.0/../../../../avr/lib/avr6\libm.a(fp_pscA.o)
                              c:/program files (x86)/atmel/studio/7.0/toolchain/avr8/avr8-gnu-toolchain/bin/../lib/gcc/avr/5.4.0/../../../../avr/lib/avr6\libm.a(addsf3x.o) (__fp_pscA)
c:/program files (x86)/atmel/studio/7.0/toolchain/avr8/avr8-gnu-toolchain/bin/../lib/gcc/avr/5.4.0/../../../../avr/lib/avr6\libm.a(fp_pscB.o)
                              c:/program files (x86)/atmel/studio/7.0/toolchain/avr8/avr8-gnu-toolchain/bin/../lib/gcc/avr/5.4.0/../../../../avr/lib/avr6\libm.a(addsf3x.o) (__fp_pscB)
c:/program files (x86)/atmel/studio/7.0/toolchain/avr8/avr8-gnu-toolchain/bin/../lib/gcc/avr/5.4.0/../../../../avr/lib/avr6\libm.a(fp_round.o)
                              c:/program files (x86)/atmel/studio/7.0/toolchain/avr8/avr8-gnu-toolchain/bin/../lib/gcc/avr/5.4.0/../../../../avr/lib/avr6\libm.a(addsf3.o) (__fp_round)
c:/program files (x86)/atmel/studio/7.0/toolchain/avr8/avr8-gnu-toolchain/bin/../lib/gcc/avr/5.4.0/../../../../avr/lib/avr6\libm.a(fp_split3.o)
                              c:/program files (x86)/atmel/studio/7.0/toolchain/avr8/avr8-gnu-toolchain/bin/../lib/gcc/avr/5.4.0/../../../../avr/lib/avr6\libm.a(addsf3x.o) (__fp_split3)
c:/program files (x86)/atmel/studio/7.0/toolchain/avr8/avr8-gnu-toolchain/bin/../lib/gcc/avr/5.4.0/../../../../avr/lib/avr6\libm.a(fp_zero.o)
                              c:/program files (x86)/atmel/studio/7.0/toolchain/avr8/avr8-gnu-toolchain/bin/../lib/gcc/avr/5.4.0/../../../../avr/lib/avr6\libm.a(addsf3x.o) (__fp_zero)
c:/program files (x86)/atmel/studio/7.0/toolchain/avr8/avr8-gnu-toolchain/bin/../lib/gcc/avr/5.4.0/../../../../avr/lib/avr6\libm.a(mulsf3.o)
                              ../drivers\libIotLibrary.a(serial.o) (__mulsf3)
c:/program files (x86)/atmel/studio/7.0/toolchain/avr8/avr8-gnu-toolchain/bin/../lib/gcc/avr/5.4.0/../../../../avr/lib/avr6\libm.a(mulsf3x.o)
[...]
Memory Configuration

Name             Origin             Length             Attributes
text             0x00000000         0x00040000         xr
data             0x00800200         0x00002000         rw !x
eeprom           0x00810000         0x00001000         rw !x
fuse             0x00820000         0x00000003         rw !x
lock             0x00830000         0x00000400         rw !x
signature        0x00840000         0x00000400         rw !x
user_signatures  0x00850000         0x00000400         rw !x
*default*        0x00000000         0xffffffff

Linker script and memory map

Address of section .data set to 0x800200
LOAD C:/Program Files (x86)/Atmel/Studio/7.0/Packs/atmel/ATmega_DFP/1.7.374/gcc/dev/atmega2560/avr6/crtatmega2560.o
LOAD FreeRTOS/FreeRTOSTraceDriver/FreeRTOSTraceDriver.o
LOAD FreeRTOS/src/croutine.o
LOAD FreeRTOS/src/event_groups.o
LOAD FreeRTOS/src/heap_4.o
LOAD FreeRTOS/src/list.o
LOAD FreeRTOS/src/port.o
LOAD FreeRTOS/src/queue.o
LOAD FreeRTOS/src/stream_buffer.o
LOAD FreeRTOS/src/tasks.o
LOAD FreeRTOS/src/timers.o
LOAD FreeRTOS/src/variantHooks.o
LOAD LoRaWANHandler.o
LOAD main.o
START GROUP
LOAD c:/program files (x86)/atmel/studio/7.0/toolchain/avr8/avr8-gnu-toolchain/bin/../lib/gcc/avr/5.4.0/../../../../avr/lib/avr6\libm.a
LOAD ../drivers\libIotLibrary.a
END GROUP
START GROUP
LOAD c:/program files (x86)/atmel/studio/7.0/toolchain/avr8/avr8-gnu-toolchain/bin/../lib/gcc/avr/5.4.0/avr6\libgcc.a
LOAD c:/program files (x86)/atmel/studio/7.0/toolchain/avr8/avr8-gnu-toolchain/bin/../lib/gcc/avr/5.4.0/../../../../avr/lib/avr6\libm.a
LOAD c:/program files (x86)/atmel/studio/7.0/toolchain/avr8/avr8-gnu-toolchain/bin/../lib/gcc/avr/5.4.0/../../../../avr/lib/avr6\libc.a
LOAD C:/Program Files (x86)/Atmel/Studio/7.0/Packs/atmel/ATmega_DFP/1.7.374/gcc/dev/atmega2560/avr6\libatmega2560.a
END GROUP
                0x00000000                __TEXT_REGION_ORIGIN__ = DEFINED (__TEXT_REGION_ORIGIN__)?__TEXT_REGION_ORIGIN__:0x0
                [0x00800200]                __DATA_REGION_ORIGIN__ = DEFINED (__DATA_REGION_ORIGIN__)?__DATA_REGION_ORIGIN__:0x800200
                [0x00040000]                __TEXT_REGION_LENGTH__ = DEFINED (__TEXT_REGION_LENGTH__)?__TEXT_REGION_LENGTH__:0x100000
                [0x00002000]                __DATA_REGION_LENGTH__ = DEFINED (__DATA_REGION_LENGTH__)?__DATA_REGION_LENGTH__:0xfe00
                [0x00001000]                __EEPROM_REGION_LENGTH__ = DEFINED (__EEPROM_REGION_LENGTH__)?__EEPROM_REGION_LENGTH__:0x10000
                [0x00000003]                __FUSE_REGION_LENGTH__ = DEFINED (__FUSE_REGION_LENGTH__)?__FUSE_REGION_LENGTH__:0x400
                0x00000400                __LOCK_REGION_LENGTH__ = DEFINED (__LOCK_REGION_LENGTH__)?__LOCK_REGION_LENGTH__:0x400
                0x00000400                __SIGNATURE_REGION_LENGTH__ = DEFINED (__SIGNATURE_REGION_LENGTH__)?__SIGNATURE_REGION_LENGTH__:0x400
                0x00000400                __USER_SIGNATURE_REGION_LENGTH__ = DEFINED (__USER_SIGNATURE_REGION_LENGTH__)?__USER_SIGNATURE_REGION_LENGTH__:0x400

.hash
 *(.hash)

.dynsym
 *(.dynsym)

.dynstr
 *(.dynstr)

.gnu.version
 *(.gnu.version)

.gnu.version_d
 *(.gnu.version_d)

.gnu.version_r
 *(.gnu.version_r)

.rel.init
 *(.rel.init)

.rela.init
 *(.rela.init)

.rel.text
 *(.rel.text)
 *(.rel.text.*)
 *(.rel.gnu.linkonce.t*)

.rela.text
 *(.rela.text)
 *(.rela.text.*)
 *(.rela.gnu.linkonce.t*)

.rel.fini
 *(.rel.fini)

.rela.fini
 *(.rela.fini)

.rel.rodata
 *(.rel.rodata)
 *(.rel.rodata.*)
 *(.rel.gnu.linkonce.r*)

.rela.rodata
 *(.rela.rodata)
 *(.rela.rodata.*)
 *(.rela.gnu.linkonce.r*)

.rel.data
 *(.rel.data)
 *(.rel.data.*)
 *(.rel.gnu.linkonce.d*)

.rela.data
 *(.rela.data)
 *(.rela.data.*)
 *(.rela.gnu.linkonce.d*)

.rel.ctors
 *(.rel.ctors)

.rela.ctors
 *(.rela.ctors)

.rel.dtors
 *(.rel.dtors)

.rela.dtors
 *(.rela.dtors)

.rel.got
 *(.rel.got)

.rela.got
 *(.rela.got)

.rel.bss
 *(.rel.bss)

.rela.bss
 *(.rela.bss)

.rel.plt
 *(.rel.plt)

.rela.plt
 *(.rela.plt)

.text           0x00000000     0x5348
 *(.vectors)
 .vectors       0x00000000       0xe4 C:/Program Files (x86)/Atmel/Studio/7.0/Packs/atmel/ATmega_DFP/1.7.374/gcc/dev/atmega2560/avr6/crtatmega2560.o
                0x00000000                __vector_default
                0x00000000                __vectors
 *(.vectors)
 *(.progmem.gcc*)
 .progmem.gcc_sw_table.prvProcessReceivedCommands
                0x000000e4       0x14 FreeRTOS/src/timers.o
                0x000000f8                . = ALIGN (0x2)
                0x000000f8                __trampolines_start = .
 *(.trampolines)
 .trampolines   0x000000f8        0x0 linker stubs
 *(.trampolines*)
                0x000000f8                __trampolines_end = .
 *libprintf_flt.a:*(.progmem.data)
 *libc.a:*(.progmem.data)
 *(.progmem*)
                0x000000f8                . = ALIGN (0x2)
 *(.jumptables)
 *(.jumptables*)
 *(.lowtext)
 .lowtext       0x000000f8       0x14 FreeRTOS/src/tasks.o
 .lowtext       0x0000010c       0x1e FreeRTOS/src/timers.o
 *(.lowtext*)
                0x0000012a                __ctors_start = .
 *(.ctors)
                0x0000012a                __ctors_end = .
                0x0000012a                __dtors_start = .
 *(.dtors)
                0x0000012a                __dtors_end = .
 SORT(*)(.ctors)
 SORT(*)(.dtors)
 *(.init0)
 .init0         0x0000012a        0x0 C:/Program Files (x86)/Atmel/Studio/7.0/Packs/atmel/ATmega_DFP/1.7.374/gcc/dev/atmega2560/avr6/crtatmega2560.o
                0x0000012a                __init
 *(.init0)
 *(.init1)
 *(.init1)
 *(.init2)
 .init2         0x0000012a       0x10 C:/Program Files (x86)/Atmel/Studio/7.0/Packs/atmel/ATmega_DFP/1.7.374/gcc/dev/atmega2560/avr6/crtatmega2560.o
 *(.init2)
 *(.init3)
 *(.init3)
 *(.init4)
 .init4         0x0000013a       0x1a c:/program files (x86)/atmel/studio/7.0/toolchain/avr8/avr8-gnu-toolchain/bin/../lib/gcc/avr/5.4.0/avr6\libgcc.a(_copy_data.o)
                0x0000013a                __do_copy_data
 .init4         0x00000154       0x10 c:/program files (x86)/atmel/studio/7.0/toolchain/avr8/avr8-gnu-toolchain/bin/../lib/gcc/avr/5.4.0/avr6\libgcc.a(_clear_bss.o)
                0x00000154                __do_clear_bss
 *(.init4)
 *(.init5)
 *(.init5)
 *(.init6)
 *(.init6)
 *(.init7)
 *(.init7)
 *(.init8)
 *(.init8)
 *(.init9)
 .init9         0x00000164        0x8 C:/Program Files (x86)/Atmel/Studio/7.0/Packs/atmel/ATmega_DFP/1.7.374/gcc/dev/atmega2560/avr6/crtatmega2560.o
 *(.init9)
 *(.text)
 .text          0x0000016c        0x2 C:/Program Files (x86)/Atmel/Studio/7.0/Packs/atmel/ATmega_DFP/1.7.374/gcc/dev/atmega2560/avr6/crtatmega2560.o
                0x0000016c                __vector_38
                0x0000016c                __vector_22
                0x0000016c                __vector_28
                0x0000016c                __vector_1
                0x0000016c                __vector_32
                0x0000016c                __vector_34
                0x0000016c                __vector_24
                0x0000016c                __vector_46
                0x0000016c                __bad_interrupt
                0x0000016c                __vector_6
                0x0000016c                __vector_31
                0x0000016c                __vector_35
                0x0000016c                __vector_39
                0x0000016c                __vector_3
                0x0000016c                __vector_23
                0x0000016c                __vector_30
                0x0000016c                __vector_45
                0x0000016c                __vector_11
                0x0000016c                __vector_13
                0x0000016c                __vector_17
                0x0000016c                __vector_19
                0x0000016c                __vector_56
                0x0000016c                __vector_7
                0x0000016c                __vector_49
                0x0000016c                __vector_41
                0x0000016c                __vector_43
                0x0000016c                __vector_27
                0x0000016c                __vector_5
                0x0000016c                __vector_33
                0x0000016c                __vector_47
                0x0000016c                __vector_4
                0x0000016c                __vector_44
                0x0000016c                __vector_9
                0x0000016c                __vector_2
                0x0000016c                __vector_21
                0x0000016c                __vector_15
                0x0000016c                __vector_29
                0x0000016c                __vector_40
                0x0000016c                __vector_8
                0x0000016c                __vector_48
                0x0000016c                __vector_14
                0x0000016c                __vector_53
                0x0000016c                __vector_10
                0x0000016c                __vector_50
                0x0000016c                __vector_16
                0x0000016c                __vector_18
                0x0000016c                __vector_20
                0x0000016c                __vector_42
                0x0000016e                . = ALIGN (0x2)
 *(.text.*)
 .text.prvHeapInit
                0x0000016e       0x52 FreeRTOS/src/heap_4.o
 .text.prvInsertBlockIntoFreeList
                0x000001c0       0x94 FreeRTOS/src/heap_4.o
 .text.pvPortMalloc
                0x00000254      0x152 FreeRTOS/src/heap_4.o
                0x00000254                pvPortMalloc
 .text.vPortFree
                0x000003a6       0x7a FreeRTOS/src/heap_4.o
                0x000003a6                vPortFree
 .text.vListInitialise
                0x00000420       0x22 FreeRTOS/src/list.o
                0x00000420                vListInitialise
 .text.vListInitialiseItem
                0x00000442        0x8 FreeRTOS/src/list.o
                0x00000442                vListInitialiseItem
 .text.vListInsert
                0x0000044a       0x7a FreeRTOS/src/list.o
                0x0000044a                vListInsert
 .text.uxListRemove
                0x000004c4       0x4e FreeRTOS/src/list.o
                0x000004c4                uxListRemove
 .text.prvSetupTimerInterrupt
                0x00000512       0x18 FreeRTOS/src/port.o
 .text.pxPortInitialiseStack
                0x0000052a       0x2e FreeRTOS/src/port.o
                0x0000052a                pxPortInitialiseStack
 .text.xPortStartScheduler
                0x00000558       0x64 FreeRTOS/src/port.o
                0x00000558                xPortStartScheduler
 .text.vPortYield
                0x000005bc       0xc2 FreeRTOS/src/port.o
                0x000005bc                vPortYield
 .text.vPortYieldFromTick
                0x0000067e       0xca FreeRTOS/src/port.o
                0x0000067e                vPortYieldFromTick
 .text.__vector_12
                0x00000748        0x4 FreeRTOS/src/port.o
                0x00000748                __vector_12
 .text.prvIsQueueEmpty
                0x0000074c       0x1a FreeRTOS/src/queue.o
 .text.prvIsQueueFull
                0x00000766       0x1c FreeRTOS/src/queue.o
 .text.prvCopyDataToQueue
                0x00000782       0xbe FreeRTOS/src/queue.o
 .text.prvCopyDataFromQueue
                0x00000840       0x34 FreeRTOS/src/queue.o
 .text.prvUnlockQueue
                0x00000874       0x68 FreeRTOS/src/queue.o
 .text.xQueueGenericReset
                0x000008dc       0x86 FreeRTOS/src/queue.o
                0x000008dc                xQueueGenericReset
 .text.prvInitialiseNewQueue
                0x00000962       0x24 FreeRTOS/src/queue.o
 .text.xQueueGenericCreate
                0x00000986       0x46 FreeRTOS/src/queue.o
                0x00000986                xQueueGenericCreate
 .text.xQueueGenericSend
                0x000009cc      0x124 FreeRTOS/src/queue.o
                0x000009cc                xQueueGenericSend
 .text.prvInitialiseMutex
                0x00000af0       0x24 FreeRTOS/src/queue.o
 .text.xQueueCreateMutex
                0x00000b14       0x18 FreeRTOS/src/queue.o
                0x00000b14                xQueueCreateMutex
 .text.xQueueGenericSendFromISR
                0x00000b2c       0x76 FreeRTOS/src/queue.o
                0x00000b2c                xQueueGenericSendFromISR
 .text.xQueueReceive
                0x00000ba2      0x11e FreeRTOS/src/queue.o
                0x00000ba2                xQueueReceive
 .text.vQueueWaitForMessageRestricted
                0x00000cc0       0x38 FreeRTOS/src/queue.o
                0x00000cc0                vQueueWaitForMessageRestricted
 .text.prvBytesInBuffer
                0x00000cf8       0x26 FreeRTOS/src/stream_buffer.o
 .text.prvInitialiseNewStreamBuffer
                0x00000d1e       0x20 FreeRTOS/src/stream_buffer.o
 .text.prvWriteBytesToBuffer
                0x00000d3e       0x92 FreeRTOS/src/stream_buffer.o
 .text.prvWriteMessageToBuffer
                0x00000dd0       0x86 FreeRTOS/src/stream_buffer.o
 .text.prvReadBytesFromBuffer
                0x00000e56       0x9e FreeRTOS/src/stream_buffer.o
 .text.prvReadMessageFromBuffer
                0x00000ef4       0x8a FreeRTOS/src/stream_buffer.o
 .text.xStreamBufferGenericCreate
                0x00000f7e       0x64 FreeRTOS/src/stream_buffer.o
                0x00000f7e                xStreamBufferGenericCreate
 .text.xStreamBufferReset
                0x00000fe2       0x3c FreeRTOS/src/stream_buffer.o
                0x00000fe2                xStreamBufferReset
 .text.xStreamBufferSpacesAvailable
                0x0000101e       0x24 FreeRTOS/src/stream_buffer.o
                0x0000101e                xStreamBufferSpacesAvailable
 .text.xStreamBufferSend
                0x00001042      0x186 FreeRTOS/src/stream_buffer.o
                0x00001042                xStreamBufferSend
 .text.xStreamBufferSendFromISR
                0x000011c8       0x88 FreeRTOS/src/stream_buffer.o
                0x000011c8                xStreamBufferSendFromISR
 .text.xStreamBufferReceive
                0x00001250      0x102 FreeRTOS/src/stream_buffer.o
                0x00001250                xStreamBufferReceive
 .text.prvResetNextTaskUnblockTime
                0x00001352       0x4e FreeRTOS/src/tasks.o
 .text.prvDeleteTCB
                0x000013a0       0x1a FreeRTOS/src/tasks.o
 .text.prvInitialiseNewTask
                0x000013ba       0xf8 FreeRTOS/src/tasks.o
 .text.prvInitialiseTaskLists
                0x000014b2       0x60 FreeRTOS/src/tasks.o
 .text.prvAddNewTaskToReadyList
                0x00001512       0xde FreeRTOS/src/tasks.o
 .text.prvCheckTasksWaitingTermination
                0x000015f0       0x4a FreeRTOS/src/tasks.o
 .text.prvAddCurrentTaskToDelayedList
                0x0000163a      0x144 FreeRTOS/src/tasks.o
 .text.xTaskCreate
                0x0000177e       0x98 FreeRTOS/src/tasks.o
                0x0000177e                xTaskCreate
 .text.vTaskStartScheduler
                0x00001816       0x70 FreeRTOS/src/tasks.o
                0x00001816                vTaskStartScheduler
 .text.vTaskSuspendAll
                0x00001886        0xc FreeRTOS/src/tasks.o
                0x00001886                vTaskSuspendAll
 .text.xTaskGetTickCount
                0x00001892       0x1c FreeRTOS/src/tasks.o
                0x00001892                xTaskGetTickCount
 .text.xTaskIncrementTick
                0x000018ae      0x258 FreeRTOS/src/tasks.o
                0x000018ae                xTaskIncrementTick
 .text.xTaskResumeAll
                0x00001b06      0x1b8 FreeRTOS/src/tasks.o
                0x00001b06                xTaskResumeAll
 .text.xTaskDelayUntil
                0x00001cbe       0xca FreeRTOS/src/tasks.o
                0x00001cbe                xTaskDelayUntil
 .text.vTaskDelay
                0x00001d88       0x36 FreeRTOS/src/tasks.o
                0x00001d88                vTaskDelay
 .text.vTaskSwitchContext
                0x00001dbe       0xca FreeRTOS/src/tasks.o
                0x00001dbe                vTaskSwitchContext
 .text.vTaskPlaceOnEventList
                0x00001e88       0x2e FreeRTOS/src/tasks.o
                0x00001e88                vTaskPlaceOnEventList
 .text.vTaskPlaceOnEventListRestricted
                0x00001eb6       0x84 FreeRTOS/src/tasks.o
                0x00001eb6                vTaskPlaceOnEventListRestricted
 .text.xTaskRemoveFromEventList
                0x00001f3a      0x15e FreeRTOS/src/tasks.o
                0x00001f3a                xTaskRemoveFromEventList
 .text.vTaskSetTimeOutState
                0x00002098       0x2c FreeRTOS/src/tasks.o
                0x00002098                vTaskSetTimeOutState
 .text.vTaskInternalSetTimeOutState
                0x000020c4       0x22 FreeRTOS/src/tasks.o
                0x000020c4                vTaskInternalSetTimeOutState
 .text.xTaskCheckForTimeOut
                0x000020e6       0xcc FreeRTOS/src/tasks.o
                0x000020e6                xTaskCheckForTimeOut
 .text.vTaskMissedYield
                0x000021b2        0x8 FreeRTOS/src/tasks.o
                0x000021b2                vTaskMissedYield
 .text.xTaskGetCurrentTaskHandle
                0x000021ba        0xa FreeRTOS/src/tasks.o
                0x000021ba                xTaskGetCurrentTaskHandle
 .text.xTaskGetSchedulerState
                0x000021c4       0x1c FreeRTOS/src/tasks.o
                0x000021c4                xTaskGetSchedulerState
 .text.xTaskPriorityDisinherit
                0x000021e0       0xb6 FreeRTOS/src/tasks.o
                0x000021e0                xTaskPriorityDisinherit
 .text.xTaskGenericNotifyWait
                0x00002296      0x14e FreeRTOS/src/tasks.o
                0x00002296                xTaskGenericNotifyWait
 .text.xTaskGenericNotify
                0x000023e4      0x1ee FreeRTOS/src/tasks.o
                0x000023e4                xTaskGenericNotify
 .text.xTaskGenericNotifyFromISR
                0x000025d2      0x244 FreeRTOS/src/tasks.o
                0x000025d2                xTaskGenericNotifyFromISR
 .text.xTaskGenericNotifyStateClear
                0x00002816       0x34 FreeRTOS/src/tasks.o
                0x00002816                xTaskGenericNotifyStateClear
 .text.prvGetNextExpireTime
                0x0000284a       0x30 FreeRTOS/src/timers.o
 .text.prvInsertTimerInActiveList
                0x0000287a       0x92 FreeRTOS/src/timers.o
 .text.prvCheckForValidListAndQueue
                0x0000290c       0x52 FreeRTOS/src/timers.o
 .text.xTimerCreateTimerTask
                0x0000295e       0x42 FreeRTOS/src/timers.o
                0x0000295e                xTimerCreateTimerTask
 .text.xTimerGenericCommand
                0x000029a0       0xbc FreeRTOS/src/timers.o
                0x000029a0                xTimerGenericCommand
 .text.prvSwitchTimerLists
                0x00002a5c       0xd0 FreeRTOS/src/timers.o
 .text.prvSampleTimeNow
                0x00002b2c       0x5c FreeRTOS/src/timers.o
 .text.prvProcessExpiredTimer
                0x00002b88       0xac FreeRTOS/src/timers.o
 .text.prvProcessTimerOrBlockTask
                0x00002c34       0xae FreeRTOS/src/timers.o
 .text.prvProcessReceivedCommands
                0x00002ce2      0x168 FreeRTOS/src/timers.o
 .text.vApplicationIdleHook
                0x00002e4a        0x2 FreeRTOS/src/variantHooks.o
                0x00002e4a                vApplicationIdleHook
 .text.prvSetMainLedOn
                0x00002e4c        0xe FreeRTOS/src/variantHooks.o
                0x00002e4c                prvSetMainLedOn
 .text.prvBlinkMainLed
                0x00002e5a        0x8 FreeRTOS/src/variantHooks.o
                0x00002e5a                prvBlinkMainLed
 .text.vApplicationMallocFailedHook
                0x00002e62       0x18 FreeRTOS/src/variantHooks.o
                0x00002e62                vApplicationMallocFailedHook
 .text.vApplicationStackOverflowHook
                0x00002e7a       0x18 FreeRTOS/src/variantHooks.o
                0x00002e7a                vApplicationStackOverflowHook
 .text._lora_setup
                0x00002e92      0x188 LoRaWANHandler.o
 .text.lora_handler_task
                0x0000301a       0x9e LoRaWANHandler.o
                0x0000301a                lora_handler_task
 .text.lora_handler_initialise
                0x000030b8       0x28 LoRaWANHandler.o
                0x000030b8                lora_handler_initialise
 .text.task1    0x000030e0       0x3a main.o
                0x000030e0                task1
 .text.task2    0x0000311a       0x38 main.o
                0x0000311a                task2
 .text.create_tasks_and_semaphores
                0x00003152       0x6c main.o
                0x00003152                create_tasks_and_semaphores
 .text.initialiseSystem
                0x000031be       0x24 main.o
                0x000031be                initialiseSystem
 .text.main     0x000031e2       0x10 main.o
                0x000031e2                main
 .text._serialCallBack
                0x000031f2       0x8c ../drivers\libIotLibrary.a(lora_driver.o)
 .text._uploadMessage
                0x0000327e       0xb4 ../drivers\libIotLibrary.a(lora_driver.o)
 .text._reply2ReturnCode
                0x00003332       0xea ../drivers\libIotLibrary.a(lora_driver.o)
 .text._uploadMessageRc
                0x0000341c        0x6 ../drivers\libIotLibrary.a(lora_driver.o)
 .text.lora_driver_flushBuffers
                0x00003422        0xe ../drivers\libIotLibrary.a(lora_driver.o)
                0x00003422                lora_driver_flushBuffers
 .text.lora_driver_initialise
                0x00003430       0x80 ../drivers\libIotLibrary.a(lora_driver.o)
                0x00003430                lora_driver_initialise
 .text.lora_driver_resetRn2483
                0x000034b0       0x1c ../drivers\libIotLibrary.a(lora_driver.o)
                0x000034b0                lora_driver_resetRn2483
 .text.lora_driver_rn2483FactoryReset
                0x000034cc       0x24 ../drivers\libIotLibrary.a(lora_driver.o)
                0x000034cc                lora_driver_rn2483FactoryReset
 .text.lora_driver_getRn2483Hweui
                0x000034f0       0x38 ../drivers\libIotLibrary.a(lora_driver.o)
                0x000034f0                lora_driver_getRn2483Hweui
 .text.lora_driver_setDeviceIdentifier
                0x00003528       0x22 ../drivers\libIotLibrary.a(lora_driver.o)
                0x00003528                lora_driver_setDeviceIdentifier
 .text.lora_driver_setApplicationIdentifier
                0x0000354a       0x22 ../drivers\libIotLibrary.a(lora_driver.o)
                0x0000354a                lora_driver_setApplicationIdentifier
 .text.lora_driver_setApplicationKey
                0x0000356c       0x22 ../drivers\libIotLibrary.a(lora_driver.o)
                0x0000356c                lora_driver_setApplicationKey
 .text.lora_driver_saveMac
                0x0000358e        0xc ../drivers\libIotLibrary.a(lora_driver.o)
                0x0000358e                lora_driver_saveMac
 .text.lora_driver_join
                0x0000359a       0x52 ../drivers\libIotLibrary.a(lora_driver.o)
                0x0000359a                lora_driver_join
 .text.lora_driver_sendUploadMessage
                0x000035ec      0x196 ../drivers\libIotLibrary.a(lora_driver.o)
                0x000035ec                lora_driver_sendUploadMessage
 .text.lora_driver_setAdaptiveDataRate
                0x00003782       0x16 ../drivers\libIotLibrary.a(lora_driver.o)
                0x00003782                lora_driver_setAdaptiveDataRate
 .text.lora_driver_setReceiveDelay
                0x00003798       0x30 ../drivers\libIotLibrary.a(lora_driver.o)
                0x00003798                lora_driver_setReceiveDelay
 .text.lora_driver_configureToEu868
                0x000037c8      0x1bc ../drivers\libIotLibrary.a(lora_driver.o)
                0x000037c8                lora_driver_configureToEu868
 .text.lora_driver_setOtaaIdentity
                0x00003984       0x42 ../drivers\libIotLibrary.a(lora_driver.o)
                0x00003984                lora_driver_setOtaaIdentity
 .text.lora_driver_mapReturnCodeToText
                0x000039c6       0x18 ../drivers\libIotLibrary.a(lora_driver.o)
                0x000039c6                lora_driver_mapReturnCodeToText
 .text.decode_port_no
                0x000039de       0x58 ../drivers\libIotLibrary.a(lora_driver_utils.o)
                0x000039de                decode_port_no
 .text.decode_hexadecimal_string_bytes
                0x00003a36       0x92 ../drivers\libIotLibrary.a(lora_driver_utils.o)
                0x00003a36                decode_hexadecimal_string_bytes
 .text.serial_create
                0x00003ac8      0x138 ../drivers\libIotLibrary.a(serial.o)
                0x00003ac8                serial_create
 .text.serial_sendByte
                0x00003c00       0x56 ../drivers\libIotLibrary.a(serial.o)
                0x00003c00                serial_sendByte
 .text.serial_sendBytes
                0x00003c56       0xaa ../drivers\libIotLibrary.a(serial.o)
                0x00003c56                serial_sendBytes
 .text.serial_getByte
                0x00003d00       0x40 ../drivers\libIotLibrary.a(serial.o)
                0x00003d00                serial_getByte
 .text.__vector_25
                0x00003d40       0xa4 ../drivers\libIotLibrary.a(serial.o)
                0x00003d40                __vector_25
 .text.__vector_26
                0x00003de4       0x88 ../drivers\libIotLibrary.a(serial.o)
                0x00003de4                __vector_26
 .text.__vector_36
                0x00003e6c       0xa4 ../drivers\libIotLibrary.a(serial.o)
                0x00003e6c                __vector_36
 .text.__vector_37
                0x00003f10       0x88 ../drivers\libIotLibrary.a(serial.o)
                0x00003f10                __vector_37
 .text.__vector_51
                0x00003f98       0xa4 ../drivers\libIotLibrary.a(serial.o)
                0x00003f98                __vector_51
 .text.__vector_52
                0x0000403c       0x88 ../drivers\libIotLibrary.a(serial.o)
                0x0000403c                __vector_52
 .text.__vector_54
                0x000040c4       0xa4 ../drivers\libIotLibrary.a(serial.o)
                0x000040c4                __vector_54
 .text.__vector_55
                0x00004168       0x88 ../drivers\libIotLibrary.a(serial.o)
                0x00004168                __vector_55
 .text.usart_getchar
                0x000041f0       0x2a ../drivers\libIotLibrary.a(stdio_driver.o)
 .text.usart_putchar
                0x0000421a       0x12 ../drivers\libIotLibrary.a(stdio_driver.o)
 .text.stdio_initialise
                0x0000422c       0x52 ../drivers\libIotLibrary.a(stdio_driver.o)
                0x0000422c                stdio_initialise
 .text._turn_off
                0x0000427e       0x98 ../drivers\libIotLibrary.a(status_leds.o)
 .text._turn_on
                0x00004316       0x98 ../drivers\libIotLibrary.a(status_leds.o)
 .text._hal_led_task
                0x000043ae       0x8c ../drivers\libIotLibrary.a(status_leds.o)
 .text.status_leds_initialise
                0x0000443a       0x9c ../drivers\libIotLibrary.a(status_leds.o)
                0x0000443a                status_leds_initialise
 .text.status_leds_slowBlink
                0x000044d6       0x46 ../drivers\libIotLibrary.a(status_leds.o)
                0x000044d6                status_leds_slowBlink
 .text.status_leds_fastBlink
                0x0000451c       0x46 ../drivers\libIotLibrary.a(status_leds.o)
                0x0000451c                status_leds_fastBlink
 .text.status_leds_ledOn
                0x00004562       0x1e ../drivers\libIotLibrary.a(status_leds.o)
                0x00004562                status_leds_ledOn
 .text.status_leds_ledOff
                0x00004580       0x1e ../drivers\libIotLibrary.a(status_leds.o)
                0x00004580                status_leds_ledOff
 .text.status_leds_longPuls
                0x0000459e       0x24 ../drivers\libIotLibrary.a(status_leds.o)
                0x0000459e                status_leds_longPuls
 .text.status_leds_shortPuls
                0x000045c2       0x22 ../drivers\libIotLibrary.a(status_leds.o)
                0x000045c2                status_leds_shortPuls
 .text.fifo_init
                0x000045e4       0x38 ../drivers\libIotLibrary.a(fifo.o)
                0x000045e4                fifo_init
 .text.avr-libc.fplib
                0x0000461c        0xa c:/program files (x86)/atmel/studio/7.0/toolchain/avr8/avr8-gnu-toolchain/bin/../lib/gcc/avr/5.4.0/../../../../avr/lib/avr6\libm.a(addsf3.o)
                0x0000461c                __subsf3
                0x0000461e                __addsf3
 .text.avr-libc.fplib
                0x00004626       0xc0 c:/program files (x86)/atmel/studio/7.0/toolchain/avr8/avr8-gnu-toolchain/bin/../lib/gcc/avr/5.4.0/../../../../avr/lib/avr6\libm.a(addsf3x.o)
                0x00004640                __addsf3x
 .text.avr-libc.fplib
                0x000046e6        0x4 c:/program files (x86)/atmel/studio/7.0/toolchain/avr8/avr8-gnu-toolchain/bin/../lib/gcc/avr/5.4.0/../../../../avr/lib/avr6\libm.a(divsf3.o)
                0x000046e6                __divsf3
 .text.avr-libc.fplib
                0x000046ea       0xcc c:/program files (x86)/atmel/studio/7.0/toolchain/avr8/avr8-gnu-toolchain/bin/../lib/gcc/avr/5.4.0/../../../../avr/lib/avr6\libm.a(divsf3x.o)
                0x00004700                __divsf3x
                0x00004704                __divsf3_pse
 .text.avr-libc.fplib
                0x000047b6       0x58 c:/program files (x86)/atmel/studio/7.0/toolchain/avr8/avr8-gnu-toolchain/bin/../lib/gcc/avr/5.4.0/../../../../avr/lib/avr6\libm.a(fixunssfsi.o)
                0x000047b6                __fixunssfsi
 .text.avr-libc.fplib
                0x0000480e       0x7a c:/program files (x86)/atmel/studio/7.0/toolchain/avr8/avr8-gnu-toolchain/bin/../lib/gcc/avr/5.4.0/../../../../avr/lib/avr6\libm.a(floatsisf.o)
                0x0000480e                __floatunsisf
                0x00004812                __floatsisf
 .text.avr-libc.fplib
                0x00004888        0xc c:/program files (x86)/atmel/studio/7.0/toolchain/avr8/avr8-gnu-toolchain/bin/../lib/gcc/avr/5.4.0/../../../../avr/lib/avr6\libm.a(fp_inf.o)
                0x00004888                __fp_inf
 .text.avr-libc.fplib
                0x00004894        0x6 c:/program files (x86)/atmel/studio/7.0/toolchain/avr8/avr8-gnu-toolchain/bin/../lib/gcc/avr/5.4.0/../../../../avr/lib/avr6\libm.a(fp_nan.o)
                0x00004894                __fp_nan
 .text.avr-libc.fplib
                0x0000489a        0xe c:/program files (x86)/atmel/studio/7.0/toolchain/avr8/avr8-gnu-toolchain/bin/../lib/gcc/avr/5.4.0/../../../../avr/lib/avr6\libm.a(fp_pscA.o)
                0x0000489a                __fp_pscA
 .text.avr-libc.fplib
                0x000048a8        0xe c:/program files (x86)/atmel/studio/7.0/toolchain/avr8/avr8-gnu-toolchain/bin/../lib/gcc/avr/5.4.0/../../../../avr/lib/avr6\libm.a(fp_pscB.o)
                0x000048a8                __fp_pscB
 .text.avr-libc.fplib
                0x000048b6       0x22 c:/program files (x86)/atmel/studio/7.0/toolchain/avr8/avr8-gnu-toolchain/bin/../lib/gcc/avr/5.4.0/../../../../avr/lib/avr6\libm.a(fp_round.o)
                0x000048b6                __fp_round
 .text.avr-libc.fplib
                0x000048d8       0x44 c:/program files (x86)/atmel/studio/7.0/toolchain/avr8/avr8-gnu-toolchain/bin/../lib/gcc/avr/5.4.0/../../../../avr/lib/avr6\libm.a(fp_split3.o)
                0x000048d8                __fp_split3
                0x000048e8                __fp_splitA
 .text.avr-libc.fplib
                0x0000491c        0xe c:/program files (x86)/atmel/studio/7.0/toolchain/avr8/avr8-gnu-toolchain/bin/../lib/gcc/avr/5.4.0/../../../../avr/lib/avr6\libm.a(fp_zero.o)
                0x0000491c                __fp_zero
                0x0000491e                __fp_szero
 .text.avr-libc.fplib
                0x0000492a        0x4 c:/program files (x86)/atmel/studio/7.0/toolchain/avr8/avr8-gnu-toolchain/bin/../lib/gcc/avr/5.4.0/../../../../avr/lib/avr6\libm.a(mulsf3.o)
                0x0000492a                __mulsf3
 .text.avr-libc.fplib
                0x0000492e       0xc2 c:/program files (x86)/atmel/studio/7.0/toolchain/avr8/avr8-gnu-toolchain/bin/../lib/gcc/avr/5.4.0/../../../../avr/lib/avr6\libm.a(mulsf3x.o)
                0x00004942                __mulsf3x
                0x00004946                __mulsf3_pse
 .text.libgcc   0x000049f0       0x10 c:/program files (x86)/atmel/studio/7.0/toolchain/avr8/avr8-gnu-toolchain/bin/../lib/gcc/avr/5.4.0/avr6\libgcc.a(_tablejump2.o)
                0x000049f0                __tablejump2__
 .text.avr-libc
                0x00004a00      0x242 c:/program files (x86)/atmel/studio/7.0/toolchain/avr8/avr8-gnu-toolchain/bin/../lib/gcc/avr/5.4.0/../../../../avr/lib/avr6\libc.a(malloc.o)
                0x00004a00                malloc
                0x00004b30                free
 .text.avr-libc
                0x00004c42        0x8 c:/program files (x86)/atmel/studio/7.0/toolchain/avr8/avr8-gnu-toolchain/bin/../lib/gcc/avr/5.4.0/../../../../avr/lib/avr6\libc.a(abort.o)
                0x00004c42                abort
 .text.avr-libc
                0x00004c4a       0x12 c:/program files (x86)/atmel/studio/7.0/toolchain/avr8/avr8-gnu-toolchain/bin/../lib/gcc/avr/5.4.0/../../../../avr/lib/avr6\libc.a(memcpy.o)
                0x00004c4a                memcpy
 .text.avr-libc
                0x00004c5c        0xe c:/program files (x86)/atmel/studio/7.0/toolchain/avr8/avr8-gnu-toolchain/bin/../lib/gcc/avr/5.4.0/../../../../avr/lib/avr6\libc.a(memset.o)
                0x00004c5c                memset
 .text.avr-libc
                0x00004c6a       0x4a c:/program files (x86)/atmel/studio/7.0/toolchain/avr8/avr8-gnu-toolchain/bin/../lib/gcc/avr/5.4.0/../../../../avr/lib/avr6\libc.a(strcasestr.o)
                0x00004c6a                strcasestr
 .text.avr-libc
                0x00004cb4       0x16 c:/program files (x86)/atmel/studio/7.0/toolchain/avr8/avr8-gnu-toolchain/bin/../lib/gcc/avr/5.4.0/../../../../avr/lib/avr6\libc.a(strcat.o)
                0x00004cb4                strcat
 .text.avr-libc
                0x00004cca        0xe c:/program files (x86)/atmel/studio/7.0/toolchain/avr8/avr8-gnu-toolchain/bin/../lib/gcc/avr/5.4.0/../../../../avr/lib/avr6\libc.a(strcpy.o)
                0x00004cca                strcpy
 .text.avr-libc
                0x00004cd8       0x30 c:/program files (x86)/atmel/studio/7.0/toolchain/avr8/avr8-gnu-toolchain/bin/../lib/gcc/avr/5.4.0/../../../../avr/lib/avr6\libc.a(strncasecmp.o)
                0x00004cd8                strncasecmp
 .text.avr-libc
                0x00004d08       0x26 c:/program files (x86)/atmel/studio/7.0/toolchain/avr8/avr8-gnu-toolchain/bin/../lib/gcc/avr/5.4.0/../../../../avr/lib/avr6\libc.a(printf.o)
                0x00004d08                printf
 .text.avr-libc
                0x00004d2e       0x60 c:/program files (x86)/atmel/studio/7.0/toolchain/avr8/avr8-gnu-toolchain/bin/../lib/gcc/avr/5.4.0/../../../../avr/lib/avr6\libc.a(puts.o)
                0x00004d2e                puts
 .text.avr-libc
                0x00004d8e       0x5c c:/program files (x86)/atmel/studio/7.0/toolchain/avr8/avr8-gnu-toolchain/bin/../lib/gcc/avr/5.4.0/../../../../avr/lib/avr6\libc.a(sprintf.o)
                0x00004d8e                sprintf
 .text.avr-libc
                0x00004dea      0x3fa c:/program files (x86)/atmel/studio/7.0/toolchain/avr8/avr8-gnu-toolchain/bin/../lib/gcc/avr/5.4.0/../../../../avr/lib/avr6\libc.a(vfprintf_std.o)
                0x00004dea                vfprintf
 .text.avr-libc
                0x000051e4       0x16 c:/program files (x86)/atmel/studio/7.0/toolchain/avr8/avr8-gnu-toolchain/bin/../lib/gcc/avr/5.4.0/../../../../avr/lib/avr6\libc.a(strnlen_P.o)
                0x000051e4                strnlen_P
 .text.avr-libc
                0x000051fa       0x16 c:/program files (x86)/atmel/studio/7.0/toolchain/avr8/avr8-gnu-toolchain/bin/../lib/gcc/avr/5.4.0/../../../../avr/lib/avr6\libc.a(strnlen.o)
                0x000051fa                strnlen
 .text.avr-libc
                0x00005210       0x78 c:/program files (x86)/atmel/studio/7.0/toolchain/avr8/avr8-gnu-toolchain/bin/../lib/gcc/avr/5.4.0/../../../../avr/lib/avr6\libc.a(fputc.o)
                0x00005210                fputc
 .text.avr-libc
                0x00005288       0xbc c:/program files (x86)/atmel/studio/7.0/toolchain/avr8/avr8-gnu-toolchain/bin/../lib/gcc/avr/5.4.0/../../../../avr/lib/avr6\libc.a(ultoa_invert.o)
                0x00005288                __ultoa_invert
                0x00005344                . = ALIGN (0x2)
 *(.fini9)
 .fini9         0x00005344        0x0 c:/program files (x86)/atmel/studio/7.0/toolchain/avr8/avr8-gnu-toolchain/bin/../lib/gcc/avr/5.4.0/avr6\libgcc.a(_exit.o)
                0x00005344                _exit
                0x00005344                exit
 *(.fini9)
 *(.fini8)
 *(.fini8)
 *(.fini7)
 *(.fini7)
 *(.fini6)
 *(.fini6)
 *(.fini5)
 *(.fini5)
 *(.fini4)
 *(.fini4)
 *(.fini3)
 *(.fini3)
 *(.fini2)
 *(.fini2)
 *(.fini1)
 *(.fini1)
 *(.fini0)
 .fini0         0x00005344        0x4 c:/program files (x86)/atmel/studio/7.0/toolchain/avr8/avr8-gnu-toolchain/bin/../lib/gcc/avr/5.4.0/avr6\libgcc.a(_exit.o)
 *(.fini0)
                0x00005348                _etext = .

.data           0x00800200      0x486 load address 0x00005348
                0x00800200                PROVIDE (__data_start, .)
 *(.data)
 .data          0x00800200        0x6 c:/program files (x86)/atmel/studio/7.0/toolchain/avr8/avr8-gnu-toolchain/bin/../lib/gcc/avr/5.4.0/../../../../avr/lib/avr6\libc.a(malloc.o)
                0x00800200                __malloc_heap_end
                0x00800202                __malloc_heap_start
                0x00800204                __malloc_margin
 *(.data*)
 .data.uxTopUsedPriority
                0x00800206        0x1 FreeRTOS/src/tasks.o
                0x00800206                uxTopUsedPriority
 .data._com_port_2_udr
                0x00800207        0x8 ../drivers\libIotLibrary.a(serial.o)
                0x00800207                _com_port_2_udr
 .data.mystdout.1882
                0x0080020f        0xe ../drivers\libIotLibrary.a(stdio_driver.o)
 *(.gnu.linkonce.d*)
 *(.rodata)
 .rodata        0x0080021d       0x20 ../drivers\libIotLibrary.a(lora_driver.o)
 *(.rodata*)
 .rodata.str1.1
                0x0080023d        0x5 FreeRTOS/src/tasks.o
 .rodata.str1.1
                0x00800242        0x8 FreeRTOS/src/timers.o
 .rodata.str1.1
                0x0080024a      0x149 LoRaWANHandler.o
 .rodata.str1.1
                0x00800393       0x1e main.o
 .rodata.str1.1
                0x008003b1      0x295 ../drivers\libIotLibrary.a(lora_driver.o)
                                0x2a5 (size before relaxing)
 .rodata._joinMode
                0x00800646        0x4 ../drivers\libIotLibrary.a(lora_driver.o)
 .rodata._returnCode
                0x0080064a       0x33 ../drivers\libIotLibrary.a(lora_driver.o)
                0x0080064a                _returnCode
 .rodata.str1.1
                0x0080067d        0x8 ../drivers\libIotLibrary.a(status_leds.o)
 *(.gnu.linkonce.r*)
                0x00800686                . = ALIGN (0x2)
 *fill*         0x00800685        0x1 
                0x00800686                _edata = .
                0x00800686                PROVIDE (__data_end, .)

.bss            0x00800686      0xfd3
                0x00800686                PROVIDE (__bss_start, .)
 *(.bss)
 *(.bss*)
 .bss.xBlockAllocatedBit
                0x00800686        0x2 FreeRTOS/src/heap_4.o
 .bss.xNumberOfSuccessfulFrees
                0x00800688        0x2 FreeRTOS/src/heap_4.o
 .bss.xNumberOfSuccessfulAllocations
                0x0080068a        0x2 FreeRTOS/src/heap_4.o
 .bss.xMinimumEverFreeBytesRemaining
                0x0080068c        0x2 FreeRTOS/src/heap_4.o
 .bss.xFreeBytesRemaining
                0x0080068e        0x2 FreeRTOS/src/heap_4.o
 .bss.pxEnd     0x00800690        0x2 FreeRTOS/src/heap_4.o
 .bss.xStart    0x00800692        0x4 FreeRTOS/src/heap_4.o
 .bss.ucHeap    0x00800696      0xdac FreeRTOS/src/heap_4.o
 .bss.uxSchedulerSuspended
                0x00801442        0x1 FreeRTOS/src/tasks.o
 .bss.xIdleTaskHandle
                0x00801443        0x2 FreeRTOS/src/tasks.o
 .bss.xNextTaskUnblockTime
                0x00801445        0x4 FreeRTOS/src/tasks.o
 .bss.uxTaskNumber
                0x00801449        0x1 FreeRTOS/src/tasks.o
 .bss.xNumOfOverflows
                0x0080144a        0x1 FreeRTOS/src/tasks.o
 .bss.xYieldPending
                0x0080144b        0x1 FreeRTOS/src/tasks.o
 .bss.xPendedTicks
                0x0080144c        0x4 FreeRTOS/src/tasks.o
 .bss.xSchedulerRunning
                0x00801450        0x1 FreeRTOS/src/tasks.o
 .bss.uxTopReadyPriority
                0x00801451        0x1 FreeRTOS/src/tasks.o
 .bss.xTickCount
                0x00801452        0x4 FreeRTOS/src/tasks.o
 .bss.uxCurrentNumberOfTasks
                0x00801456        0x1 FreeRTOS/src/tasks.o
 .bss.xSuspendedTaskList
                0x00801457        0xb FreeRTOS/src/tasks.o
 .bss.uxDeletedTasksWaitingCleanUp
                0x00801462        0x1 FreeRTOS/src/tasks.o
 .bss.xTasksWaitingTermination
                0x00801463        0xb FreeRTOS/src/tasks.o
 .bss.xPendingReadyList
                0x0080146e        0xb FreeRTOS/src/tasks.o
 .bss.pxOverflowDelayedTaskList
                0x00801479        0x2 FreeRTOS/src/tasks.o
 .bss.pxDelayedTaskList
                0x0080147b        0x2 FreeRTOS/src/tasks.o
 .bss.xDelayedTaskList2
                0x0080147d        0xb FreeRTOS/src/tasks.o
 .bss.xDelayedTaskList1
                0x00801488        0xb FreeRTOS/src/tasks.o
 .bss.pxReadyTasksLists
                0x00801493       0x6e FreeRTOS/src/tasks.o
 .bss.pxCurrentTCB
                0x00801501        0x2 FreeRTOS/src/tasks.o
                0x00801501                pxCurrentTCB
 .bss.xLastTime.2436
                0x00801503        0x4 FreeRTOS/src/timers.o
 .bss.xTimerTaskHandle
                0x00801507        0x2 FreeRTOS/src/timers.o
 .bss.xTimerQueue
                0x00801509        0x2 FreeRTOS/src/timers.o
 .bss.pxOverflowTimerList
                0x0080150b        0x2 FreeRTOS/src/timers.o
 .bss.pxCurrentTimerList
                0x0080150d        0x2 FreeRTOS/src/timers.o
 .bss.xActiveTimerList2
                0x0080150f        0xb FreeRTOS/src/timers.o
 .bss.xActiveTimerList1
                0x0080151a        0xb FreeRTOS/src/timers.o
 .bss._uplink_payload
                0x00801525       0x16 LoRaWANHandler.o
 .bss._tmp_buf.2871
                0x0080153b       0x37 ../drivers\libIotLibrary.a(lora_driver.o)
 .bss.rec_buf_inp.2878
                0x00801572        0x1 ../drivers\libIotLibrary.a(lora_driver.o)
 .bss._downlinkMessageBuffer
                0x00801573        0x2 ../drivers\libIotLibrary.a(lora_driver.o)
 .bss._serialReplyBufferHandle
                0x00801575        0x2 ../drivers\libIotLibrary.a(lora_driver.o)
 .bss._rn2483_serial
                0x00801577        0x2 ../drivers\libIotLibrary.a(lora_driver.o)
 .bss._downlinkPayload
                0x00801579       0x16 ../drivers\libIotLibrary.a(lora_driver.o)
 .bss._payLoadHexBytes
                0x0080158f       0x15 ../drivers\libIotLibrary.a(lora_driver.o)
 .bss._recMessageBuf
                0x008015a4       0x2d ../drivers\libIotLibrary.a(lora_driver.o)
 .bss._sendMessage
                0x008015d1       0x2d ../drivers\libIotLibrary.a(lora_driver.o)
 .bss._replyMess
                0x008015fe       0x2d ../drivers\libIotLibrary.a(lora_driver.o)
 .bss._ser_handle
                0x0080162b        0x8 ../drivers\libIotLibrary.a(serial.o)
 .bss._com_serial_instance
                0x00801633        0x2 ../drivers\libIotLibrary.a(stdio_driver.o)
 .bss._led_status
                0x00801635       0x18 ../drivers\libIotLibrary.a(status_leds.o)
 *(COMMON)
 COMMON         0x0080164d        0x2 main.o
                0x0080164d                xTestSemaphore
 COMMON         0x0080164f        0x4 c:/program files (x86)/atmel/studio/7.0/toolchain/avr8/avr8-gnu-toolchain/bin/../lib/gcc/avr/5.4.0/../../../../avr/lib/avr6\libc.a(malloc.o)
                0x0080164f                __brkval
                0x00801651                __flp
 COMMON         0x00801653        0x6 c:/program files (x86)/atmel/studio/7.0/toolchain/avr8/avr8-gnu-toolchain/bin/../lib/gcc/avr/5.4.0/../../../../avr/lib/avr6\libc.a(iob.o)
                0x00801653                __iob
                0x00801659                PROVIDE (__bss_end, .)
                0x00005348                __data_load_start = LOADADDR (.data)
                0x000057ce                __data_load_end = (__data_load_start + SIZEOF (.data))

.noinit         0x00801659        0x0
                [!provide]                PROVIDE (__noinit_start, .)
 *(.noinit*)
                [!provide]                PROVIDE (__noinit_end, .)
                0x00801659                _end = .
                0x00801659                PROVIDE (__heap_start, .)

.eeprom         0x00810000        0x0
 *(.eeprom*)
                0x00810000                __eeprom_end = .

.fuse
 *(.fuse)
 *(.lfuse)
 *(.hfuse)
 *(.efuse)

.lock
 *(.lock*)

.signature
 *(.signature*)

.user_signatures
 *(.user_signatures*)

.stab
 *(.stab)

.stabstr
 *(.stabstr)

.stab.excl
 *(.stab.excl)

.stab.exclstr
 *(.stab.exclstr)

.stab.index
 *(.stab.index)

.stab.indexstr
 *(.stab.indexstr)

.comment        0x00000000       0x5c
 *(.comment)
 .comment       0x00000000       0x30 FreeRTOS/src/heap_4.o
                                 0x31 (size before relaxing)
 .comment       0x00000030       0x31 FreeRTOS/src/list.o
 .comment       0x00000030       0x31 FreeRTOS/src/port.o
 .comment       0x00000030       0x31 FreeRTOS/src/queue.o
 .comment       0x00000030       0x31 FreeRTOS/src/stream_buffer.o
 .comment       0x00000030       0x31 FreeRTOS/src/tasks.o
 .comment       0x00000030       0x31 FreeRTOS/src/timers.o
 .comment       0x00000030       0x31 FreeRTOS/src/variantHooks.o
 .comment       0x00000030       0x31 LoRaWANHandler.o
 .comment       0x00000030       0x31 main.o
 .comment       0x00000030       0x31 ../drivers\libIotLibrary.a(lora_driver.o)
 .comment       0x00000030       0x31 ../drivers\libIotLibrary.a(lora_driver_utils.o)
 .comment       0x00000030       0x31 ../drivers\libIotLibrary.a(serial.o)
 .comment       0x00000030       0x31 ../drivers\libIotLibrary.a(stdio_driver.o)
 .comment       0x00000030       0x31 ../drivers\libIotLibrary.a(status_leds.o)
 .comment       0x00000030       0x31 ../drivers\libIotLibrary.a(fifo.o)
 .comment       0x00000030       0x31 c:/program files (x86)/atmel/studio/7.0/toolchain/avr8/avr8-gnu-toolchain/bin/../lib/gcc/avr/5.4.0/../../../../avr/lib/avr6\libc.a(malloc.o)
 .comment       0x00000030       0x31 c:/program files (x86)/atmel/studio/7.0/toolchain/avr8/avr8-gnu-toolchain/bin/../lib/gcc/avr/5.4.0/../../../../avr/lib/avr6\libc.a(iob.o)
 .comment       0x00000030       0x31 c:/program files (x86)/atmel/studio/7.0/toolchain/avr8/avr8-gnu-toolchain/bin/../lib/gcc/avr/5.4.0/../../../../avr/lib/avr6\libc.a(printf.o)
 .comment       0x00000030       0x31 c:/program files (x86)/atmel/studio/7.0/toolchain/avr8/avr8-gnu-toolchain/bin/../lib/gcc/avr/5.4.0/../../../../avr/lib/avr6\libc.a(puts.o)
 .comment       0x00000030       0x31 c:/program files (x86)/atmel/studio/7.0/toolchain/avr8/avr8-gnu-toolchain/bin/../lib/gcc/avr/5.4.0/../../../../avr/lib/avr6\libc.a(sprintf.o)
 .comment       0x00000030       0x2c c:/program files (x86)/atmel/studio/7.0/toolchain/avr8/avr8-gnu-toolchain/bin/../lib/gcc/avr/5.4.0/../../../../avr/lib/avr6\libc.a(vfprintf_std.o)
                                 0x2d (size before relaxing)
 .comment       0x0000005c       0x31 c:/program files (x86)/atmel/studio/7.0/toolchain/avr8/avr8-gnu-toolchain/bin/../lib/gcc/avr/5.4.0/../../../../avr/lib/avr6\libc.a(fputc.o)

.note.gnu.avr.deviceinfo
                0x00000000       0x40
 .note.gnu.avr.deviceinfo
                0x00000000       0x40 C:/Program Files (x86)/Atmel/Studio/7.0/Packs/atmel/ATmega_DFP/1.7.374/gcc/dev/atmega2560/avr6/crtatmega2560.o

.note.gnu.build-id
 *(.note.gnu.build-id)

.debug
 *(.debug)

.line
 *(.line)

.debug_srcinfo
 *(.debug_srcinfo)

.debug_sfnames
 *(.debug_sfnames)

.debug_aranges  0x00000000      0x8a0
 *(.debug_aranges)
 .debug_aranges
                0x00000000       0x58 FreeRTOS/src/heap_4.o
 .debug_aranges
                0x00000058       0x40 FreeRTOS/src/list.o
 .debug_aranges
                0x00000098       0x58 FreeRTOS/src/port.o
 .debug_aranges
                0x000000f0       0xf8 FreeRTOS/src/queue.o
 .debug_aranges
                0x000001e8       0xc0 FreeRTOS/src/stream_buffer.o
 .debug_aranges
                0x000002a8      0x1d0 FreeRTOS/src/tasks.o
 .debug_aranges
                0x00000478       0xc8 FreeRTOS/src/timers.o
 .debug_aranges
                0x00000540       0x40 FreeRTOS/src/variantHooks.o
 .debug_aranges
                0x00000580       0x30 LoRaWANHandler.o
 .debug_aranges
                0x000005b0       0x40 main.o
 .debug_aranges
                0x000005f0      0x138 ../drivers\libIotLibrary.a(lora_driver.o)
 .debug_aranges
                0x00000728       0x28 ../drivers\libIotLibrary.a(lora_driver_utils.o)
 .debug_aranges
                0x00000750       0x90 ../drivers\libIotLibrary.a(serial.o)
 .debug_aranges
                0x000007e0       0x38 ../drivers\libIotLibrary.a(stdio_driver.o)
 .debug_aranges
                0x00000818       0x68 ../drivers\libIotLibrary.a(status_leds.o)
 .debug_aranges
                0x00000880       0x20 ../drivers\libIotLibrary.a(fifo.o)

.debug_pubnames
 *(.debug_pubnames)

.debug_info     0x00000000     0xb452
 *(.debug_info .gnu.linkonce.wi.*)
 .debug_info    0x00000000      0xbbc C:/Program Files (x86)/Atmel/Studio/7.0/Packs/atmel/ATmega_DFP/1.7.374/gcc/dev/atmega2560/avr6/crtatmega2560.o
 .debug_info    0x00000bbc      0x4e6 FreeRTOS/src/heap_4.o
 .debug_info    0x000010a2      0x2e7 FreeRTOS/src/list.o
 .debug_info    0x00001389      0x2ff FreeRTOS/src/port.o
 .debug_info    0x00001688     0x17e6 FreeRTOS/src/queue.o
 .debug_info    0x00002e6e     0x13df FreeRTOS/src/stream_buffer.o
 .debug_info    0x0000424d     0x2239 FreeRTOS/src/tasks.o
 .debug_info    0x00006486     0x10dd FreeRTOS/src/timers.o
 .debug_info    0x00007563      0x20f FreeRTOS/src/variantHooks.o
 .debug_info    0x00007772      0x77d LoRaWANHandler.o
 .debug_info    0x00007eef      0x4a2 main.o
 .debug_info    0x00008391     0x1747 ../drivers\libIotLibrary.a(lora_driver.o)
 .debug_info    0x00009ad8      0x143 ../drivers\libIotLibrary.a(lora_driver_utils.o)
 .debug_info    0x00009c1b      0xd9c ../drivers\libIotLibrary.a(serial.o)
 .debug_info    0x0000a9b7      0x3b6 ../drivers\libIotLibrary.a(stdio_driver.o)
 .debug_info    0x0000ad6d      0x522 ../drivers\libIotLibrary.a(status_leds.o)
 .debug_info    0x0000b28f      0x1c3 ../drivers\libIotLibrary.a(fifo.o)

.debug_abbrev   0x00000000     0x2981
 *(.debug_abbrev)
 .debug_abbrev  0x00000000      0xb1a C:/Program Files (x86)/Atmel/Studio/7.0/Packs/atmel/ATmega_DFP/1.7.374/gcc/dev/atmega2560/avr6/crtatmega2560.o
 .debug_abbrev  0x00000b1a      0x200 FreeRTOS/src/heap_4.o
 .debug_abbrev  0x00000d1a       0xff FreeRTOS/src/list.o
 .debug_abbrev  0x00000e19      0x179 FreeRTOS/src/port.o
 .debug_abbrev  0x00000f92      0x241 FreeRTOS/src/queue.o
 .debug_abbrev  0x000011d3      0x246 FreeRTOS/src/stream_buffer.o
 .debug_abbrev  0x00001419      0x2c8 FreeRTOS/src/tasks.o
 .debug_abbrev  0x000016e1      0x28c FreeRTOS/src/timers.o
 .debug_abbrev  0x0000196d       0xff FreeRTOS/src/variantHooks.o
 .debug_abbrev  0x00001a6c      0x1b6 LoRaWANHandler.o
 .debug_abbrev  0x00001c22      0x19d main.o
 .debug_abbrev  0x00001dbf      0x33b ../drivers\libIotLibrary.a(lora_driver.o)
 .debug_abbrev  0x000020fa       0xc0 ../drivers\libIotLibrary.a(lora_driver_utils.o)
 .debug_abbrev  0x000021ba      0x355 ../drivers\libIotLibrary.a(serial.o)
 .debug_abbrev  0x0000250f      0x1b3 ../drivers\libIotLibrary.a(stdio_driver.o)
 .debug_abbrev  0x000026c2      0x1d7 ../drivers\libIotLibrary.a(status_leds.o)
 .debug_abbrev  0x00002899       0xe8 ../drivers\libIotLibrary.a(fifo.o)

.debug_line     0x00000000     0x5777
 *(.debug_line .debug_line.* .debug_line_end)
 .debug_line    0x00000000      0x1fa C:/Program Files (x86)/Atmel/Studio/7.0/Packs/atmel/ATmega_DFP/1.7.374/gcc/dev/atmega2560/avr6/crtatmega2560.o
 .debug_line    0x000001fa      0x41f FreeRTOS/src/heap_4.o
 .debug_line    0x00000619      0x1db FreeRTOS/src/list.o
 .debug_line    0x000007f4      0x28a FreeRTOS/src/port.o
 .debug_line    0x00000a7e      0xbe3 FreeRTOS/src/queue.o
 .debug_line    0x00001661      0x79a FreeRTOS/src/stream_buffer.o
 .debug_line    0x00001dfb     0x15ba FreeRTOS/src/tasks.o
 .debug_line    0x000033b5      0x624 FreeRTOS/src/timers.o
 .debug_line    0x000039d9      0x1af FreeRTOS/src/variantHooks.o
 .debug_line    0x00003b88      0x257 LoRaWANHandler.o
 .debug_line    0x00003ddf      0x22b main.o
 .debug_line    0x0000400a      0x9aa ../drivers\libIotLibrary.a(lora_driver.o)
 .debug_line    0x000049b4      0x195 ../drivers\libIotLibrary.a(lora_driver_utils.o)
 .debug_line    0x00004b49      0x6a1 ../drivers\libIotLibrary.a(serial.o)
 .debug_line    0x000051ea      0x146 ../drivers\libIotLibrary.a(stdio_driver.o)
 .debug_line    0x00005330      0x32c ../drivers\libIotLibrary.a(status_leds.o)
 .debug_line    0x0000565c      0x11b ../drivers\libIotLibrary.a(fifo.o)

.debug_frame    0x00000000     0x2064
 *(.debug_frame)
 .debug_frame   0x00000000       0xfc FreeRTOS/src/heap_4.o
 .debug_frame   0x000000fc       0x90 FreeRTOS/src/list.o
 .debug_frame   0x0000018c       0x94 FreeRTOS/src/port.o
 .debug_frame   0x00000220      0x3a4 FreeRTOS/src/queue.o
 .debug_frame   0x000005c4      0x40c FreeRTOS/src/stream_buffer.o
 .debug_frame   0x000009d0      0x7a0 FreeRTOS/src/tasks.o
 .debug_frame   0x00001170      0x3ac FreeRTOS/src/timers.o
 .debug_frame   0x0000151c       0x64 FreeRTOS/src/variantHooks.o
 .debug_frame   0x00001580       0x80 LoRaWANHandler.o
 .debug_frame   0x00001600       0x94 main.o
 .debug_frame   0x00001694      0x460 ../drivers\libIotLibrary.a(lora_driver.o)
 .debug_frame   0x00001af4       0x48 ../drivers\libIotLibrary.a(lora_driver_utils.o)
 .debug_frame   0x00001b3c      0x384 ../drivers\libIotLibrary.a(serial.o)
 .debug_frame   0x00001ec0       0x94 ../drivers\libIotLibrary.a(stdio_driver.o)
 .debug_frame   0x00001f54       0xec ../drivers\libIotLibrary.a(status_leds.o)
 .debug_frame   0x00002040       0x24 ../drivers\libIotLibrary.a(fifo.o)

.debug_str      0x00000000     0x364c
 *(.debug_str)
 .debug_str     0x00000000      0x3e6 C:/Program Files (x86)/Atmel/Studio/7.0/Packs/atmel/ATmega_DFP/1.7.374/gcc/dev/atmega2560/avr6/crtatmega2560.o
 .debug_str     0x000003e6      0x46a FreeRTOS/src/heap_4.o
                                0x4ae (size before relaxing)
 .debug_str     0x00000850      0x135 FreeRTOS/src/list.o
                                0x2ea (size before relaxing)
 .debug_str     0x00000985      0x16e FreeRTOS/src/port.o
                                0x31f (size before relaxing)
 .debug_str     0x00000af3      0x672 FreeRTOS/src/queue.o
                                0x95e (size before relaxing)
 .debug_str     0x00001165      0x4ed FreeRTOS/src/stream_buffer.o
                                0x7e7 (size before relaxing)
 .debug_str     0x00001652      0x941 FreeRTOS/src/tasks.o
                                0xf7f (size before relaxing)
 .debug_str     0x00001f93      0x414 FreeRTOS/src/timers.o
                                0x855 (size before relaxing)
 .debug_str     0x000023a7       0x81 FreeRTOS/src/variantHooks.o
                                0x296 (size before relaxing)
 .debug_str     0x00002428      0x47f LoRaWANHandler.o
                                0x699 (size before relaxing)
 .debug_str     0x000028a7       0xe5 main.o
                                0x358 (size before relaxing)
 .debug_str     0x0000298c      0x7af ../drivers\libIotLibrary.a(lora_driver.o)
                                0xcdb (size before relaxing)
 .debug_str     0x0000313b       0x54 ../drivers\libIotLibrary.a(lora_driver_utils.o)
                                0x206 (size before relaxing)
 .debug_str     0x0000318f      0x2f1 ../drivers\libIotLibrary.a(serial.o)
                                0x628 (size before relaxing)
 .debug_str     0x00003480       0xa6 ../drivers\libIotLibrary.a(stdio_driver.o)
                                0x37d (size before relaxing)
 .debug_str     0x00003526      0x104 ../drivers\libIotLibrary.a(status_leds.o)
                                0x381 (size before relaxing)
 .debug_str     0x0000362a       0x22 ../drivers\libIotLibrary.a(fifo.o)
                                0x239 (size before relaxing)

.debug_loc      0x00000000     0xa8b0
 *(.debug_loc)
 .debug_loc     0x00000000      0x4be FreeRTOS/src/heap_4.o
 .debug_loc     0x000004be      0x17d FreeRTOS/src/list.o
 .debug_loc     0x0000063b       0xf6 FreeRTOS/src/port.o
 .debug_loc     0x00000731     0x1abd FreeRTOS/src/queue.o
 .debug_loc     0x000021ee     0x1daf FreeRTOS/src/stream_buffer.o
 .debug_loc     0x00003f9d     0x2a07 FreeRTOS/src/tasks.o
 .debug_loc     0x000069a4     0x10f3 FreeRTOS/src/timers.o
 .debug_loc     0x00007a97       0xdc FreeRTOS/src/variantHooks.o
 .debug_loc     0x00007b73      0x175 LoRaWANHandler.o
 .debug_loc     0x00007ce8      0x118 main.o
 .debug_loc     0x00007e00     0x1216 ../drivers\libIotLibrary.a(lora_driver.o)
 .debug_loc     0x00009016      0x1d2 ../drivers\libIotLibrary.a(lora_driver_utils.o)
 .debug_loc     0x000091e8     0x114c ../drivers\libIotLibrary.a(serial.o)
 .debug_loc     0x0000a334      0x18c ../drivers\libIotLibrary.a(stdio_driver.o)
 .debug_loc     0x0000a4c0      0x292 ../drivers\libIotLibrary.a(status_leds.o)
 .debug_loc     0x0000a752      0x15e ../drivers\libIotLibrary.a(fifo.o)

.debug_macinfo
 *(.debug_macinfo)

.debug_weaknames
 *(.debug_weaknames)

.debug_funcnames
 *(.debug_funcnames)

.debug_typenames
 *(.debug_typenames)

.debug_varnames
 *(.debug_varnames)

.debug_pubtypes
 *(.debug_pubtypes)

.debug_ranges   0x00000000      0x858
 *(.debug_ranges)
 .debug_ranges  0x00000000       0x48 FreeRTOS/src/heap_4.o
 .debug_ranges  0x00000048       0x30 FreeRTOS/src/list.o
 .debug_ranges  0x00000078       0x48 FreeRTOS/src/port.o
 .debug_ranges  0x000000c0      0x130 FreeRTOS/src/queue.o
 .debug_ranges  0x000001f0       0xb0 FreeRTOS/src/stream_buffer.o
 .debug_ranges  0x000002a0      0x200 FreeRTOS/src/tasks.o
 .debug_ranges  0x000004a0       0xb8 FreeRTOS/src/timers.o
 .debug_ranges  0x00000558       0x30 FreeRTOS/src/variantHooks.o
 .debug_ranges  0x00000588       0x20 LoRaWANHandler.o
 .debug_ranges  0x000005a8       0x30 main.o
 .debug_ranges  0x000005d8      0x128 ../drivers\libIotLibrary.a(lora_driver.o)
 .debug_ranges  0x00000700       0x30 ../drivers\libIotLibrary.a(lora_driver_utils.o)
 .debug_ranges  0x00000730       0x98 ../drivers\libIotLibrary.a(serial.o)
 .debug_ranges  0x000007c8       0x28 ../drivers\libIotLibrary.a(stdio_driver.o)
 .debug_ranges  0x000007f0       0x58 ../drivers\libIotLibrary.a(status_leds.o)
 .debug_ranges  0x00000848       0x10 ../drivers\libIotLibrary.a(fifo.o)

.debug_macro
 *(.debug_macro)
OUTPUT(4.Semester.elf elf32-avr)
LOAD linker stubs
